"\x1b[90m╭────────────────────────╮\x1b[m                                  "
"\x1b[90m│\x1b[m \x1b[1mbob v0.8.5\x1b[m             \x1b[90m│\x1b[m                                  "
"\x1b[90m│\x1b[m \x1b[2mNew release\x1b[m            \x1b[90m│\x1b[m                                  "
"\x1b[90m│\x1b[m                        \x1b[90m│\x1b[m                                  "
"\x1b[90m│\x1b[m \x1b[1mChanges\x1b[m                \x1b[90m│\x1b[m                                  "
"\x1b[90m│\x1b[m \x1b[1mBreaking\x1b[m: flag removed \x1b[90m│\x1b[m                                  "
"\x1b[90m│\x1b[m other fixes            \x1b[90m│\x1b[m                                  "
"\x1b[90m│\x1b[m \x1b[2mStatus\x1b[m                 \x1b[90m│\x1b[m                                  "
"\x1b[90m│\x1b[m passed                 \x1b[90m│\x1b[m                                  "
"\x1b[90m│\x1b[m \x1b[2m2m\x1b[m                     \x1b[90m│\x1b[m                                  "
"\x1b[90m│\x1b[m \x1b[2m───\x1b[m                    \x1b[90m│\x1b[m                                  "
"\x1b[90m│\x1b[m \x1b]8;;https://example.com\a\x1b[4;4m[\x1b[m\x1b[4m \x1b[m\x1b[4;4mC\x1b[m\x1b[4;4mh\x1b[m\x1b[4;4ma\x1b[m\x1b[4;4mn\x1b[m\x1b[4;4mg\x1b[m\x1b[4;4me\x1b[m\x1b[4;4ml\x1b[m\x1b[4;4mo\x1b[m\x1b[4;4mg\x1b[m\x1b[4m \x1b[m\x1b[4;4m]\x1b[m\x1b]8;;\a          \x1b[90m│\x1b[m                                  "
"\x1b[90m╰────────────────────────╯\x1b[m                                  "
